{"time":"2026-05-28T12:25:13.529681662Z","level":"ERROR","msg":"sending HTTP error","status":401,"client_message":"Невалидный access токен","internal_error":null}
{"time":"2026-05-28T12:28:04.004861649Z","level":"ERROR","msg":"sending HTTP error","status":401,"client_message":"missing authentication context","internal_error":null}
{"time":"2026-05-28T12:28:37.423256979Z","level":"ERROR","msg":"sending HTTP error","status":401,"client_message":"missing authentication context","internal_error":null}
{"time":"2026-05-28T12:31:01.097859386Z","level":"ERROR","msg":"sending HTTP error","status":404,"client_message":"Страница не найдена","internal_error":null}
{"time":"2026-05-28T14:33:17.026907429Z","level":"ERROR","msg":"sending HTTP error","status":401,"client_message":"Невалидный access токен","internal_error":null}
{"time":"2026-05-28T14:34:23.659721507Z","level":"ERROR","msg":"sending HTTP error","status":401,"client_message":"Невалидный access токен","internal_error":null}
{"time":"2026-05-28T14:35:00.332529673Z","level":"ERROR","msg":"sending HTTP error","status":400,"client_message":"Ошибка валидации JSON","internal_error":null}
{"time":"2026-05-28T14:35:14.977149229Z","level":"ERROR","msg":"sending HTTP error","status":400,"client_message":"Ошибка валидации JSON","internal_error":null}
{"time":"2026-05-28T14:35:57.958774646Z","level":"ERROR","msg":"sending HTTP error","status":400,"client_message":"Ошибка валидации JSON","internal_error":null}
{"time":"2026-09-12T19:18:43.330672412Z","level":"ERROR","msg":"sending HTTP error","status":400,"client_message":"Страница не найдена","internal_error":null}
{"time":"2026-09-12T19:25:15.407469372Z","level":"ERROR","msg":"sending HTTP error","status":400,"client_message":"Ошибка во входных данных","internal_error":null}
{"time":"2026-09-12T19:25:35.459027021Z","level":"ERROR","msg":"sending HTTP error","status":400,"client_message":"Страница не найдена","internal_error":null}
{"time":"2026-09-12T19:48:34.369019222Z","level":"ERROR","msg":"sending HTTP error","status":400,"client_message":"Страница не найдена","internal_error":null}
{"time":"2026-09-12T19:58:00.838201825Z","level":"ERROR","msg":"sending HTTP error","status":401,"client_message":"Не передан access токен","internal_error":null}
{"time":"2026-09-12T19:58:00.846108988Z","level":"ERROR","msg":"sending HTTP error","status":401,"client_message":"Не передан access токен","internal_error":null}
{"time":"2026-09-12T19:58:00.896394275Z","level":"ERROR","msg":"sending HTTP error","status":400,"client_message":"Страница не найдена","internal_error":null}
{"time":"2026-09-12T20:03:47.985118665Z","level":"ERROR","msg":"sending HTTP error","status":400,"client_message":"Страница не найдена","internal_error":null}
{"time":"2026-09-12T20:12:11.146772832Z","level":"ERROR","msg":"sending HTTP error","status":400,"client_message":"Страница не найдена","internal_error":null}
{"time":"2026-09-12T20:54:37.528274003Z","level":"ERROR","msg":"sending HTTP error","status":401,"client_message":"user not found","internal_error":null}
{"time":"2026-09-12T20:55:04.173471646Z","level":"ERROR","msg":"sending HTTP error","status":400,"client_message":"Страница не найдена","internal_error":null}
{"time":"2026-09-12T20:55:31.778661658Z","level":"ERROR","msg":"sending HTTP error","status":400,"client_message":"Ошибка во входных данных","internal_error":null}
